Analysis & Synthesis report for EPT_5M57_AP_U2_Top
Mon Jan 04 17:40:23 2021
Quartus Prime Version 20.1.1 Build 720 11/11/2020 SJ Lite Edition


---------------------
; Table of Contents ;
---------------------
  1. Legal Notice
  2. Analysis & Synthesis Summary
  3. Analysis & Synthesis Settings
  4. Parallel Compilation
  5. Analysis & Synthesis Source Files Read
  6. Analysis & Synthesis Resource Usage Summary
  7. Analysis & Synthesis Resource Utilization by Entity
  8. Logic Cells Representing Combinational Loops
  9. Registers Removed During Synthesis
 10. Removed Registers Triggering Further Register Optimizations
 11. General Register Statistics
 12. Inverted Register Statistics
 13. Multiplexer Restructuring Statistics (Restructuring Performed)
 14. Parameter Settings for User Entity Instance: Top-level Entity: |EPT_5M57_AP_U2_Top
 15. Parameter Settings for User Entity Instance: eptWireOR:wireOR
 16. Analysis & Synthesis Messages
 17. Analysis & Synthesis Suppressed Messages



----------------
; Legal Notice ;
----------------
Copyright (C) 2020  Intel Corporation. All rights reserved.
Your use of Intel Corporation's design tools, logic functions 
and other software and tools, and any partner logic 
functions, and any output files from any of the foregoing 
(including device programming or simulation files), and any 
associated documentation or information are expressly subject 
to the terms and conditions of the Intel Program License 
Subscription Agreement, the Intel Quartus Prime License Agreement,
the Intel FPGA IP License Agreement, or other applicable license
agreement, including, without limitation, that your use is for
the sole purpose of programming logic devices manufactured by
Intel and sold by Intel or its authorized distributors.  Please
refer to the applicable agreement for further details, at
https://fpgasoftware.intel.com/eula.



+---------------------------------------------------------------------------+
; Analysis & Synthesis Summary                                              ;
+-----------------------------+---------------------------------------------+
; Analysis & Synthesis Status ; Successful - Mon Jan 04 17:40:23 2021       ;
; Quartus Prime Version       ; 20.1.1 Build 720 11/11/2020 SJ Lite Edition ;
; Revision Name               ; EPT_5M57_AP_U2_Top                          ;
; Top-level Entity Name       ; EPT_5M57_AP_U2_Top                          ;
; Family                      ; MAX V                                       ;
; Total logic elements        ; 402                                         ;
; Total pins                  ; 51                                          ;
; Total virtual pins          ; 0                                           ;
; UFM blocks                  ; 0 / 1 ( 0 % )                               ;
+-----------------------------+---------------------------------------------+


+------------------------------------------------------------------------------------------------------------+
; Analysis & Synthesis Settings                                                                              ;
+------------------------------------------------------------------+--------------------+--------------------+
; Option                                                           ; Setting            ; Default Value      ;
+------------------------------------------------------------------+--------------------+--------------------+
; Device                                                           ; 5M570ZT100C5       ;                    ;
; Top-level entity name                                            ; EPT_5M57_AP_U2_Top ; EPT_5M57_AP_U2_Top ;
; Family name                                                      ; MAX V              ; Cyclone IV GX      ;
; Use smart compilation                                            ; Off                ; Off                ;
; Enable parallel Assembler and Timing Analyzer during compilation ; On                 ; On                 ;
; Enable compact report table                                      ; Off                ; Off                ;
; Restructure Multiplexers                                         ; Auto               ; Auto               ;
; Create Debugging Nodes for IP Cores                              ; Off                ; Off                ;
; Preserve fewer node names                                        ; On                 ; On                 ;
; Intel FPGA IP Evaluation Mode                                    ; Enable             ; Enable             ;
; Verilog Version                                                  ; Verilog_2001       ; Verilog_2001       ;
; VHDL Version                                                     ; VHDL_1993          ; VHDL_1993          ;
; State Machine Processing                                         ; Auto               ; Auto               ;
; Safe State Machine                                               ; Off                ; Off                ;
; Extract Verilog State Machines                                   ; On                 ; On                 ;
; Extract VHDL State Machines                                      ; On                 ; On                 ;
; Ignore Verilog initial constructs                                ; Off                ; Off                ;
; Iteration limit for constant Verilog loops                       ; 5000               ; 5000               ;
; Iteration limit for non-constant Verilog loops                   ; 250                ; 250                ;
; Add Pass-Through Logic to Inferred RAMs                          ; On                 ; On                 ;
; Infer RAMs from Raw Logic                                        ; On                 ; On                 ;
; Parallel Synthesis                                               ; On                 ; On                 ;
; NOT Gate Push-Back                                               ; On                 ; On                 ;
; Power-Up Don't Care                                              ; On                 ; On                 ;
; Remove Redundant Logic Cells                                     ; Off                ; Off                ;
; Remove Duplicate Registers                                       ; On                 ; On                 ;
; Ignore CARRY Buffers                                             ; Off                ; Off                ;
; Ignore CASCADE Buffers                                           ; Off                ; Off                ;
; Ignore GLOBAL Buffers                                            ; Off                ; Off                ;
; Ignore ROW GLOBAL Buffers                                        ; Off                ; Off                ;
; Ignore LCELL Buffers                                             ; Off                ; Off                ;
; Ignore SOFT Buffers                                              ; On                 ; On                 ;
; Limit AHDL Integers to 32 Bits                                   ; Off                ; Off                ;
; Optimization Technique                                           ; Balanced           ; Balanced           ;
; Carry Chain Length                                               ; 70                 ; 70                 ;
; Auto Carry Chains                                                ; On                 ; On                 ;
; Auto Open-Drain Pins                                             ; On                 ; On                 ;
; Perform WYSIWYG Primitive Resynthesis                            ; Off                ; Off                ;
; Auto Shift Register Replacement                                  ; Auto               ; Auto               ;
; Allow Shift Register Merging across Hierarchies                  ; Auto               ; Auto               ;
; Auto Clock Enable Replacement                                    ; On                 ; On                 ;
; Allow Synchronous Control Signals                                ; On                 ; On                 ;
; Force Use of Synchronous Clear Signals                           ; Off                ; Off                ;
; Auto Resource Sharing                                            ; Off                ; Off                ;
; Use LogicLock Constraints during Resource Balancing              ; On                 ; On                 ;
; Ignore translate_off and synthesis_off directives                ; Off                ; Off                ;
; Report Parameter Settings                                        ; On                 ; On                 ;
; Report Source Assignments                                        ; On                 ; On                 ;
; Report Connectivity Checks                                       ; On                 ; On                 ;
; Ignore Maximum Fan-Out Assignments                               ; Off                ; Off                ;
; Synchronization Register Chain Length                            ; 2                  ; 2                  ;
; Power Optimization During Synthesis                              ; Normal compilation ; Normal compilation ;
; HDL message level                                                ; Level2             ; Level2             ;
; Suppress Register Optimization Related Messages                  ; Off                ; Off                ;
; Number of Removed Registers Reported in Synthesis Report         ; 5000               ; 5000               ;
; Number of Swept Nodes Reported in Synthesis Report               ; 5000               ; 5000               ;
; Number of Inverted Registers Reported in Synthesis Report        ; 100                ; 100                ;
; Clock MUX Protection                                             ; On                 ; On                 ;
; Block Design Naming                                              ; Auto               ; Auto               ;
; Synthesis Effort                                                 ; Auto               ; Auto               ;
; Shift Register Replacement - Allow Asynchronous Clear Signal     ; On                 ; On                 ;
; Analysis & Synthesis Message Level                               ; Medium             ; Medium             ;
; Disable Register Merging Across Hierarchies                      ; Auto               ; Auto               ;
+------------------------------------------------------------------+--------------------+--------------------+


+------------------------------------------+
; Parallel Compilation                     ;
+----------------------------+-------------+
; Processors                 ; Number      ;
+----------------------------+-------------+
; Number detected on machine ; 8           ;
; Maximum allowed            ; 8           ;
;                            ;             ;
; Average used               ; 1.00        ;
; Maximum used               ; 1           ;
;                            ;             ;
; Usage by Processor         ; % Time Used ;
;     Processor 1            ; 100.0%      ;
+----------------------------+-------------+


+----------------------------------------------------------------------------------------------------------------------------------------------------------------------------------------------------------------------------------------+
; Analysis & Synthesis Source Files Read                                                                                                                                                                                                 ;
+------------------------------------+-----------------+------------------------------------+----------------------------------------------------------------------------------------------------------------------------------+---------+
; File Name with User-Entered Path   ; Used in Netlist ; File Type                          ; File Name with Absolute Path                                                                                                     ; Library ;
+------------------------------------+-----------------+------------------------------------+----------------------------------------------------------------------------------------------------------------------------------+---------+
; ../src/active_control_register.vqm ; yes             ; User Verilog Quartus Mapping File  ; C:/Users/eidos/Desktop/UNOMAX_CPLD_SYSTEM_PROJECT_2.7_DVD/Projects_HDL/EPT_5M57_AP_U2_LED_Blinky/src/active_control_register.vqm ;         ;
; ../src/mux.v                       ; yes             ; User Verilog HDL File              ; C:/Users/eidos/Desktop/UNOMAX_CPLD_SYSTEM_PROJECT_2.7_DVD/Projects_HDL/EPT_5M57_AP_U2_LED_Blinky/src/mux.v                       ;         ;
; ../src/lfsr.v                      ; yes             ; User Verilog HDL File              ; C:/Users/eidos/Desktop/UNOMAX_CPLD_SYSTEM_PROJECT_2.7_DVD/Projects_HDL/EPT_5M57_AP_U2_LED_Blinky/src/lfsr.v                      ;         ;
; ../src/flipflop.v                  ; yes             ; User Verilog HDL File              ; C:/Users/eidos/Desktop/UNOMAX_CPLD_SYSTEM_PROJECT_2.7_DVD/Projects_HDL/EPT_5M57_AP_U2_LED_Blinky/src/flipflop.v                  ;         ;
; ../src/active_trigger.vqm          ; yes             ; User Verilog Quartus Mapping File  ; C:/Users/eidos/Desktop/UNOMAX_CPLD_SYSTEM_PROJECT_2.7_DVD/Projects_HDL/EPT_5M57_AP_U2_LED_Blinky/src/active_trigger.vqm          ;         ;
; ../src/active_transfer_library.vqm ; yes             ; User Verilog Quartus Mapping File  ; C:/Users/eidos/Desktop/UNOMAX_CPLD_SYSTEM_PROJECT_2.7_DVD/Projects_HDL/EPT_5M57_AP_U2_LED_Blinky/src/active_transfer_library.vqm ;         ;
; ../src/active_transfer.vqm         ; yes             ; User Verilog Quartus Mapping File  ; C:/Users/eidos/Desktop/UNOMAX_CPLD_SYSTEM_PROJECT_2.7_DVD/Projects_HDL/EPT_5M57_AP_U2_LED_Blinky/src/active_transfer.vqm         ;         ;
; ../src/eptWireOR.v                 ; yes             ; User Verilog HDL File              ; C:/Users/eidos/Desktop/UNOMAX_CPLD_SYSTEM_PROJECT_2.7_DVD/Projects_HDL/EPT_5M57_AP_U2_LED_Blinky/src/eptWireOR.v                 ;         ;
; ../src/EPT_5M57_AP_U2_Top.v        ; yes             ; User Verilog HDL File              ; C:/Users/eidos/Desktop/UNOMAX_CPLD_SYSTEM_PROJECT_2.7_DVD/Projects_HDL/EPT_5M57_AP_U2_LED_Blinky/src/EPT_5M57_AP_U2_Top.v        ;         ;
+------------------------------------+-----------------+------------------------------------+----------------------------------------------------------------------------------------------------------------------------------+---------+


+-----------------------------------------------------+
; Analysis & Synthesis Resource Usage Summary         ;
+---------------------------------------------+-------+
; Resource                                    ; Usage ;
+---------------------------------------------+-------+
; Total logic elements                        ; 402   ;
;     -- Combinational with no register       ; 171   ;
;     -- Register only                        ; 58    ;
;     -- Combinational with a register        ; 173   ;
;                                             ;       ;
; Logic element usage by number of LUT inputs ;       ;
;     -- 4 input functions                    ; 106   ;
;     -- 3 input functions                    ; 92    ;
;     -- 2 input functions                    ; 133   ;
;     -- 1 input functions                    ; 9     ;
;     -- 0 input functions                    ; 3     ;
;                                             ;       ;
; Logic elements by mode                      ;       ;
;     -- normal mode                          ; 323   ;
;     -- arithmetic mode                      ; 79    ;
;     -- qfbk mode                            ; 21    ;
;     -- register cascade mode                ; 0     ;
;     -- synchronous clear/load mode          ; 87    ;
;     -- asynchronous clear/load mode         ; 220   ;
;                                             ;       ;
; Total registers                             ; 231   ;
; Total logic cells in carry chains           ; 87    ;
; I/O pins                                    ; 51    ;
; Maximum fan-out node                        ; aa[1] ;
; Maximum fan-out                             ; 231   ;
; Total fan-out                               ; 1740  ;
; Average fan-out                             ; 3.84  ;
+---------------------------------------------+-------+


+-----------------------------------------------------------------------------------------------------------------------------------------------------------------------------------------------------------------------------------------------------------------------------------------------------------------------------------------------------------------------------------+
; Analysis & Synthesis Resource Utilization by Entity                                                                                                                                                                                                                                                                                                                               ;
+-----------------------------------------------------------+-------------+--------------+------------+------+--------------+--------------+-------------------+------------------+-----------------+------------+-------------------------------------------------------------------------------------------------------------------------+-------------------------+--------------+
; Compilation Hierarchy Node                                ; Logic Cells ; LC Registers ; UFM Blocks ; Pins ; Virtual Pins ; LUT-Only LCs ; Register-Only LCs ; LUT/Register LCs ; Carry Chain LCs ; Packed LCs ; Full Hierarchy Name                                                                                                     ; Entity Name             ; Library Name ;
+-----------------------------------------------------------+-------------+--------------+------------+------+--------------+--------------+-------------------+------------------+-----------------+------------+-------------------------------------------------------------------------------------------------------------------------+-------------------------+--------------+
; |EPT_5M57_AP_U2_Top                                       ; 402 (134)   ; 231          ; 0          ; 51   ; 0            ; 171 (46)     ; 57 (21)           ; 174 (67)         ; 87 (55)         ; 20 (0)     ; |EPT_5M57_AP_U2_Top                                                                                                     ; EPT_5M57_AP_U2_Top      ; work         ;
;    |active_control_register:ACTIVE_CONTROL_REG_INST|      ; 17 (17)     ; 11           ; 0          ; 0    ; 0            ; 6 (6)        ; 5 (5)             ; 6 (6)            ; 0 (0)           ; 2 (2)      ; |EPT_5M57_AP_U2_Top|active_control_register:ACTIVE_CONTROL_REG_INST                                                     ; active_control_register ; work         ;
;    |active_transfer:ACTIVE_TRANSFER_INST_1|               ; 28 (28)     ; 20           ; 0          ; 0    ; 0            ; 8 (8)        ; 10 (10)           ; 10 (10)          ; 0 (0)           ; 1 (1)      ; |EPT_5M57_AP_U2_Top|active_transfer:ACTIVE_TRANSFER_INST_1                                                              ; active_transfer         ; work         ;
;    |active_transfer_library:ACTIVE_TRANSFER_LIBRARY_INST| ; 178 (0)     ; 93           ; 0          ; 8    ; 0            ; 85 (0)       ; 13 (0)            ; 80 (0)           ; 32 (0)          ; 17 (0)     ; |EPT_5M57_AP_U2_Top|active_transfer_library:ACTIVE_TRANSFER_LIBRARY_INST                                                ; active_transfer_library ; work         ;
;       |endpoint_registers:ENDPOINT_REGISTERS_INST|        ; 148 (148)   ; 79           ; 0          ; 0    ; 0            ; 69 (69)      ; 13 (13)           ; 66 (66)          ; 32 (32)         ; 17 (17)    ; |EPT_5M57_AP_U2_Top|active_transfer_library:ACTIVE_TRANSFER_LIBRARY_INST|endpoint_registers:ENDPOINT_REGISTERS_INST     ; endpoint_registers      ;              ;
;       |ft_245_state_machine:FT_245_STATE_MACHINE_INST|    ; 30 (30)     ; 14           ; 0          ; 0    ; 0            ; 16 (16)      ; 0 (0)             ; 14 (14)          ; 0 (0)           ; 0 (0)      ; |EPT_5M57_AP_U2_Top|active_transfer_library:ACTIVE_TRANSFER_LIBRARY_INST|ft_245_state_machine:FT_245_STATE_MACHINE_INST ; ft_245_state_machine    ;              ;
;    |active_trigger:ACTIVE_TRIGGER_INST|                   ; 40 (40)     ; 15           ; 0          ; 0    ; 0            ; 25 (25)      ; 8 (8)             ; 7 (7)            ; 0 (0)           ; 0 (0)      ; |EPT_5M57_AP_U2_Top|active_trigger:ACTIVE_TRIGGER_INST                                                                  ; active_trigger          ; work         ;
;    |lfsr:LFSR_INST|                                       ; 5 (1)       ; 4            ; 0          ; 0    ; 0            ; 1 (1)        ; 0 (0)             ; 4 (0)            ; 0 (0)           ; 0 (0)      ; |EPT_5M57_AP_U2_Top|lfsr:LFSR_INST                                                                                      ; lfsr                    ; work         ;
;       |flipflop:F[0]|                                     ; 1 (1)       ; 1            ; 0          ; 0    ; 0            ; 0 (0)        ; 0 (0)             ; 1 (1)            ; 0 (0)           ; 0 (0)      ; |EPT_5M57_AP_U2_Top|lfsr:LFSR_INST|flipflop:F[0]                                                                        ; flipflop                ; work         ;
;       |flipflop:F[1]|                                     ; 1 (1)       ; 1            ; 0          ; 0    ; 0            ; 0 (0)        ; 0 (0)             ; 1 (1)            ; 0 (0)           ; 0 (0)      ; |EPT_5M57_AP_U2_Top|lfsr:LFSR_INST|flipflop:F[1]                                                                        ; flipflop                ; work         ;
;       |flipflop:F[2]|                                     ; 1 (1)       ; 1            ; 0          ; 0    ; 0            ; 0 (0)        ; 0 (0)             ; 1 (1)            ; 0 (0)           ; 0 (0)      ; |EPT_5M57_AP_U2_Top|lfsr:LFSR_INST|flipflop:F[2]                                                                        ; flipflop                ; work         ;
;       |flipflop:F[3]|                                     ; 1 (1)       ; 1            ; 0          ; 0    ; 0            ; 0 (0)        ; 0 (0)             ; 1 (1)            ; 0 (0)           ; 0 (0)      ; |EPT_5M57_AP_U2_Top|lfsr:LFSR_INST|flipflop:F[3]                                                                        ; flipflop                ; work         ;
+-----------------------------------------------------------+-------------+--------------+------------+------+--------------+--------------+-------------------+------------------+-----------------+------------+-------------------------------------------------------------------------------------------------------------------------+-------------------------+--------------+
Note: For table entries with two numbers listed, the numbers in parentheses indicate the number of resources of the given type used by the specific entity alone. The numbers listed outside of parentheses indicate the total resources of the given type used by the specific entity and all of its sub-entities in the hierarchy.


+---------------------------------------------------------------------------------------------------------------------------------+
; Logic Cells Representing Combinational Loops                                                                                    ;
+----------------------------------------------------------------------------------------------------------------------------+----+
; Logic Cell Name                                                                                                            ;    ;
+----------------------------------------------------------------------------------------------------------------------------+----+
; active_transfer_library:ACTIVE_TRANSFER_LIBRARY_INST|ft_245_state_machine:FT_245_STATE_MACHINE_INST|USB_RD_N~1             ;    ;
; active_transfer_library:ACTIVE_TRANSFER_LIBRARY_INST|ft_245_state_machine:FT_245_STATE_MACHINE_INST|DATA_BYTE_READY        ;    ;
; active_transfer_library:ACTIVE_TRANSFER_LIBRARY_INST|ft_245_state_machine:FT_245_STATE_MACHINE_INST|USB_REGISTER_DECODE[7] ;    ;
; active_transfer_library:ACTIVE_TRANSFER_LIBRARY_INST|ft_245_state_machine:FT_245_STATE_MACHINE_INST|USB_REGISTER_DECODE[6] ;    ;
; active_transfer_library:ACTIVE_TRANSFER_LIBRARY_INST|ft_245_state_machine:FT_245_STATE_MACHINE_INST|USB_REGISTER_DECODE[2] ;    ;
; active_transfer_library:ACTIVE_TRANSFER_LIBRARY_INST|ft_245_state_machine:FT_245_STATE_MACHINE_INST|USB_REGISTER_DECODE[0] ;    ;
; active_transfer_library:ACTIVE_TRANSFER_LIBRARY_INST|ft_245_state_machine:FT_245_STATE_MACHINE_INST|USB_REGISTER_DECODE[4] ;    ;
; active_transfer_library:ACTIVE_TRANSFER_LIBRARY_INST|ft_245_state_machine:FT_245_STATE_MACHINE_INST|USB_REGISTER_DECODE[5] ;    ;
; active_transfer_library:ACTIVE_TRANSFER_LIBRARY_INST|ft_245_state_machine:FT_245_STATE_MACHINE_INST|USB_REGISTER_DECODE[1] ;    ;
; active_transfer_library:ACTIVE_TRANSFER_LIBRARY_INST|ft_245_state_machine:FT_245_STATE_MACHINE_INST|USB_REGISTER_DECODE[3] ;    ;
; active_transfer_library:ACTIVE_TRANSFER_LIBRARY_INST|endpoint_registers:ENDPOINT_REGISTERS_INST|transfer_busy              ;    ;
; Number of logic cells representing combinational loops                                                                     ; 11 ;
+----------------------------------------------------------------------------------------------------------------------------+----+
Note: All cells listed above may not be present at the end of synthesis due to various synthesis optimizations.


+-------------------------------------------------------------------------------------------------------------------------------------------------------------------------------+
; Registers Removed During Synthesis                                                                                                                                            ;
+--------------------------------------------------------------------------------------------------------------------------------------+----------------------------------------+
; Register name                                                                                                                        ; Reason for Removal                     ;
+--------------------------------------------------------------------------------------------------------------------------------------+----------------------------------------+
; LED[3]~reg0                                                                                                                          ; Stuck at GND due to stuck port data_in ;
; LED[2]~reg0                                                                                                                          ; Stuck at GND due to stuck port data_in ;
; LED[1]~reg0                                                                                                                          ; Stuck at GND due to stuck port data_in ;
; LED[0]~reg0                                                                                                                          ; Stuck at GND due to stuck port data_in ;
; active_transfer_library:ACTIVE_TRANSFER_LIBRARY_INST|endpoint_registers:ENDPOINT_REGISTERS_INST|length_from_device[0..7]             ; Stuck at GND due to stuck port reg_out ;
; active_transfer_library:ACTIVE_TRANSFER_LIBRARY_INST|endpoint_registers:ENDPOINT_REGISTERS_INST|address_from_device[0,2]             ; Stuck at GND due to stuck port reg_out ;
; transfer_out_byte[4..6]                                                                                                              ; Merged with transfer_out_byte[7]       ;
; transfer_out_byte[7]                                                                                                                 ; Stuck at GND due to stuck port data_in ;
; active_transfer_library:ACTIVE_TRANSFER_LIBRARY_INST|endpoint_registers:ENDPOINT_REGISTERS_INST|payload_from_device[4,4,5,5,6,6,7,7] ; Stuck at GND due to stuck port reg_out ;
; random_num_counter[3]                                                                                                                ; Stuck at GND due to stuck port data_in ;
; Total Number of Removed Registers = 27                                                                                               ;                                        ;
+--------------------------------------------------------------------------------------------------------------------------------------+----------------------------------------+


+----------------------------------------------------------------------------------------------------------------------------------------------------------------------------+
; Removed Registers Triggering Further Register Optimizations                                                                                                                ;
+----------------------+---------------------------+-------------------------------------------------------------------------------------------------------------------------+
; Register name        ; Reason for Removal        ; Registers Removed due to This Register                                                                                  ;
+----------------------+---------------------------+-------------------------------------------------------------------------------------------------------------------------+
; transfer_out_byte[7] ; Stuck at GND              ; active_transfer_library:ACTIVE_TRANSFER_LIBRARY_INST|endpoint_registers:ENDPOINT_REGISTERS_INST|payload_from_device[4], ;
;                      ; due to stuck port data_in ; active_transfer_library:ACTIVE_TRANSFER_LIBRARY_INST|endpoint_registers:ENDPOINT_REGISTERS_INST|payload_from_device[5], ;
;                      ;                           ; active_transfer_library:ACTIVE_TRANSFER_LIBRARY_INST|endpoint_registers:ENDPOINT_REGISTERS_INST|payload_from_device[6], ;
;                      ;                           ; active_transfer_library:ACTIVE_TRANSFER_LIBRARY_INST|endpoint_registers:ENDPOINT_REGISTERS_INST|payload_from_device[7], ;
;                      ;                           ; active_transfer_library:ACTIVE_TRANSFER_LIBRARY_INST|endpoint_registers:ENDPOINT_REGISTERS_INST|payload_from_device[4], ;
;                      ;                           ; active_transfer_library:ACTIVE_TRANSFER_LIBRARY_INST|endpoint_registers:ENDPOINT_REGISTERS_INST|payload_from_device[5], ;
;                      ;                           ; active_transfer_library:ACTIVE_TRANSFER_LIBRARY_INST|endpoint_registers:ENDPOINT_REGISTERS_INST|payload_from_device[6], ;
;                      ;                           ; active_transfer_library:ACTIVE_TRANSFER_LIBRARY_INST|endpoint_registers:ENDPOINT_REGISTERS_INST|payload_from_device[7]  ;
+----------------------+---------------------------+-------------------------------------------------------------------------------------------------------------------------+


+------------------------------------------------------+
; General Register Statistics                          ;
+----------------------------------------------+-------+
; Statistic                                    ; Value ;
+----------------------------------------------+-------+
; Total registers                              ; 231   ;
; Number of registers using Synchronous Clear  ; 12    ;
; Number of registers using Synchronous Load   ; 42    ;
; Number of registers using Asynchronous Clear ; 220   ;
; Number of registers using Asynchronous Load  ; 0     ;
; Number of registers using Clock Enable       ; 135   ;
; Number of registers using Preset             ; 0     ;
+----------------------------------------------+-------+


+---------------------------------------------------+
; Inverted Register Statistics                      ;
+-----------------------------------------+---------+
; Inverted Register                       ; Fan out ;
+-----------------------------------------+---------+
; state[0]                                ; 2       ;
; led_delay_counter[9]                    ; 2       ;
; timer_value[9]                          ; 2       ;
; led_delay_counter[8]                    ; 2       ;
; timer_value[8]                          ; 2       ;
; led_delay_counter[7]                    ; 1       ;
; led_delay_counter[6]                    ; 1       ;
; led_delay_counter[5]                    ; 1       ;
; led_delay_counter[4]                    ; 1       ;
; led_delay_counter[3]                    ; 1       ;
; led_delay_counter[2]                    ; 1       ;
; led_delay_counter[1]                    ; 1       ;
; led_delay_counter[0]                    ; 1       ;
; Total number of inverted registers = 13 ;         ;
+-----------------------------------------+---------+


+---------------------------------------------------------------------------------------------------------------------------------------------------------+
; Multiplexer Restructuring Statistics (Restructuring Performed)                                                                                          ;
+--------------------+-----------+---------------+----------------------+------------------------+------------+-------------------------------------------+
; Multiplexer Inputs ; Bus Width ; Baseline Area ; Area if Restructured ; Saving if Restructured ; Registered ; Example Multiplexer Output                ;
+--------------------+-----------+---------------+----------------------+------------------------+------------+-------------------------------------------+
; 3:1                ; 14 bits   ; 28 LEs        ; 14 LEs               ; 14 LEs                 ; Yes        ; |EPT_5M57_AP_U2_Top|led_delay_counter[19] ;
; 4:1                ; 4 bits    ; 8 LEs         ; 4 LEs                ; 4 LEs                  ; Yes        ; |EPT_5M57_AP_U2_Top|transfer_out_byte[0]  ;
; 16:1               ; 4 bits    ; 40 LEs        ; 8 LEs                ; 32 LEs                 ; Yes        ; |EPT_5M57_AP_U2_Top|led_reg[0]            ;
; 11:1               ; 4 bits    ; 28 LEs        ; 12 LEs               ; 16 LEs                 ; Yes        ; |EPT_5M57_AP_U2_Top|shift_count_value[2]  ;
; 3:1                ; 8 bits    ; 16 LEs        ; 8 LEs                ; 8 LEs                  ; Yes        ; |EPT_5M57_AP_U2_Top|led_delay_counter[7]  ;
; 3:1                ; 2 bits    ; 4 LEs         ; 2 LEs                ; 2 LEs                  ; Yes        ; |EPT_5M57_AP_U2_Top|led_delay_counter[9]  ;
; 1:1                ; 4 bits    ; 0 LEs         ; 0 LEs                ; 0 LEs                  ; No         ; |EPT_5M57_AP_U2_Top|Add3                  ;
+--------------------+-----------+---------------+----------------------+------------------------+------------+-------------------------------------------+


+------------------------------------------------------------------------------------+
; Parameter Settings for User Entity Instance: Top-level Entity: |EPT_5M57_AP_U2_Top ;
+--------------------+--------------------------+------------------------------------+
; Parameter Name     ; Value                    ; Type                               ;
+--------------------+--------------------------+------------------------------------+
; IDLE               ; 0                        ; Signed Integer                     ;
; SELECT_MODE        ; 1                        ; Signed Integer                     ;
; LOAD_REGISTER      ; 2                        ; Signed Integer                     ;
; LOAD_LEDS          ; 3                        ; Signed Integer                     ;
; WAIT_FOR_TIMER     ; 6                        ; Signed Integer                     ;
; GLOBAL_RESET_COUNT ; 100111001000             ; Unsigned Binary                    ;
; RANDOM_NUMBER      ; 0001                     ; Unsigned Binary                    ;
; SHIFT_LEFT         ; 0010                     ; Unsigned Binary                    ;
; SHIFT_RIGHT        ; 0011                     ; Unsigned Binary                    ;
; COUNT_UP           ; 0100                     ; Unsigned Binary                    ;
; COUNT_DOWN         ; 0101                     ; Unsigned Binary                    ;
; STATIC_VALUE       ; 000110                   ; Unsigned Binary                    ;
; TIMER_LOW_LIMIT    ; 000000000000001111111111 ; Unsigned Binary                    ;
+--------------------+--------------------------+------------------------------------+
Note: In order to hide this table in the UI and the text report file, please set the "Show Parameter Settings in Synthesis Report" option in "Analysis and Synthesis Settings -> More Settings" to "Off".


+---------------------------------------------------------------+
; Parameter Settings for User Entity Instance: eptWireOR:wireOR ;
+----------------+-------+--------------------------------------+
; Parameter Name ; Value ; Type                                 ;
+----------------+-------+--------------------------------------+
; N              ; 2     ; Signed Integer                       ;
+----------------+-------+--------------------------------------+
Note: In order to hide this table in the UI and the text report file, please set the "Show Parameter Settings in Synthesis Report" option in "Analysis and Synthesis Settings -> More Settings" to "Off".


+-------------------------------+
; Analysis & Synthesis Messages ;
+-------------------------------+
Info: *******************************************************************
Info: Running Quartus Prime Analysis & Synthesis
    Info: Version 20.1.1 Build 720 11/11/2020 SJ Lite Edition
    Info: Processing started: Mon Jan 04 17:40:12 2021
Info: Command: quartus_map --read_settings_files=on --write_settings_files=off EPT_5M57_AP_U2_Top -c EPT_5M57_AP_U2_Top
Warning (18236): Number of processors has not been specified which may cause overloading on shared machines.  Set the global assignment NUM_PARALLEL_PROCESSORS in your QSF to an appropriate value for best performance.
Info (20030): Parallel compilation is enabled and will use 8 of the 8 processors detected
Info (12021): Found 1 design units, including 1 entities, in source file /users/eidos/desktop/unomax_cpld_system_project_2.7_dvd/projects_hdl/ept_5m57_ap_u2_led_blinky/src/active_control_register.vqm
    Info (12023): Found entity 1: active_control_register File: C:/Users/eidos/Desktop/UNOMAX_CPLD_SYSTEM_PROJECT_2.7_DVD/Projects_HDL/EPT_5M57_AP_U2_LED_Blinky/src/active_control_register.vqm Line: 21
Warning (12090): Entity "mux" obtained from "../src/mux.v" instead of from Quartus Prime megafunction library File: C:/Users/eidos/Desktop/UNOMAX_CPLD_SYSTEM_PROJECT_2.7_DVD/Projects_HDL/EPT_5M57_AP_U2_LED_Blinky/src/mux.v Line: 12
Info (12021): Found 1 design units, including 1 entities, in source file /users/eidos/desktop/unomax_cpld_system_project_2.7_dvd/projects_hdl/ept_5m57_ap_u2_led_blinky/src/mux.v
    Info (12023): Found entity 1: mux File: C:/Users/eidos/Desktop/UNOMAX_CPLD_SYSTEM_PROJECT_2.7_DVD/Projects_HDL/EPT_5M57_AP_U2_LED_Blinky/src/mux.v Line: 12
Info (12021): Found 1 design units, including 1 entities, in source file /users/eidos/desktop/unomax_cpld_system_project_2.7_dvd/projects_hdl/ept_5m57_ap_u2_led_blinky/src/lfsr.v
    Info (12023): Found entity 1: lfsr File: C:/Users/eidos/Desktop/UNOMAX_CPLD_SYSTEM_PROJECT_2.7_DVD/Projects_HDL/EPT_5M57_AP_U2_LED_Blinky/src/lfsr.v Line: 12
Info (12021): Found 1 design units, including 1 entities, in source file /users/eidos/desktop/unomax_cpld_system_project_2.7_dvd/projects_hdl/ept_5m57_ap_u2_led_blinky/src/flipflop.v
    Info (12023): Found entity 1: flipflop File: C:/Users/eidos/Desktop/UNOMAX_CPLD_SYSTEM_PROJECT_2.7_DVD/Projects_HDL/EPT_5M57_AP_U2_LED_Blinky/src/flipflop.v Line: 12
Info (12021): Found 1 design units, including 1 entities, in source file /users/eidos/desktop/unomax_cpld_system_project_2.7_dvd/projects_hdl/ept_5m57_ap_u2_led_blinky/src/active_trigger.vqm
    Info (12023): Found entity 1: active_trigger File: C:/Users/eidos/Desktop/UNOMAX_CPLD_SYSTEM_PROJECT_2.7_DVD/Projects_HDL/EPT_5M57_AP_U2_LED_Blinky/src/active_trigger.vqm Line: 21
Info (12021): Found 1 design units, including 1 entities, in source file /users/eidos/desktop/unomax_cpld_system_project_2.7_dvd/projects_hdl/ept_5m57_ap_u2_led_blinky/src/active_transfer_library.vqm
    Info (12023): Found entity 1: active_transfer_library File: C:/Users/eidos/Desktop/UNOMAX_CPLD_SYSTEM_PROJECT_2.7_DVD/Projects_HDL/EPT_5M57_AP_U2_LED_Blinky/src/active_transfer_library.vqm Line: 21
Info (12021): Found 1 design units, including 1 entities, in source file /users/eidos/desktop/unomax_cpld_system_project_2.7_dvd/projects_hdl/ept_5m57_ap_u2_led_blinky/src/active_transfer.vqm
    Info (12023): Found entity 1: active_transfer File: C:/Users/eidos/Desktop/UNOMAX_CPLD_SYSTEM_PROJECT_2.7_DVD/Projects_HDL/EPT_5M57_AP_U2_LED_Blinky/src/active_transfer.vqm Line: 21
Info (12021): Found 1 design units, including 1 entities, in source file /users/eidos/desktop/unomax_cpld_system_project_2.7_dvd/projects_hdl/ept_5m57_ap_u2_led_blinky/src/active_block.vqm
    Info (12023): Found entity 1: active_block File: C:/Users/eidos/Desktop/UNOMAX_CPLD_SYSTEM_PROJECT_2.7_DVD/Projects_HDL/EPT_5M57_AP_U2_LED_Blinky/src/active_block.vqm Line: 21
Info (12021): Found 1 design units, including 1 entities, in source file /users/eidos/desktop/unomax_cpld_system_project_2.7_dvd/projects_hdl/ept_5m57_ap_u2_led_blinky/src/eptwireor.v
    Info (12023): Found entity 1: eptWireOR File: C:/Users/eidos/Desktop/UNOMAX_CPLD_SYSTEM_PROJECT_2.7_DVD/Projects_HDL/EPT_5M57_AP_U2_LED_Blinky/src/eptWireOR.v Line: 32
Info (12021): Found 1 design units, including 1 entities, in source file /users/eidos/desktop/unomax_cpld_system_project_2.7_dvd/projects_hdl/ept_5m57_ap_u2_led_blinky/src/ept_5m57_ap_u2_top.v
    Info (12023): Found entity 1: EPT_5M57_AP_U2_Top File: C:/Users/eidos/Desktop/UNOMAX_CPLD_SYSTEM_PROJECT_2.7_DVD/Projects_HDL/EPT_5M57_AP_U2_LED_Blinky/src/EPT_5M57_AP_U2_Top.v Line: 33
Warning (10236): Verilog HDL Implicit Net warning at lfsr.v(31): created implicit net for "nextbit" File: C:/Users/eidos/Desktop/UNOMAX_CPLD_SYSTEM_PROJECT_2.7_DVD/Projects_HDL/EPT_5M57_AP_U2_LED_Blinky/src/lfsr.v Line: 31
Info (12127): Elaborating entity "EPT_5M57_AP_U2_Top" for the top level hierarchy
Warning (10240): Verilog HDL Always Construct warning at EPT_5M57_AP_U2_Top.v(193): inferring latch(es) for variable "timer_value", which holds its previous value in one or more paths through the always construct File: C:/Users/eidos/Desktop/UNOMAX_CPLD_SYSTEM_PROJECT_2.7_DVD/Projects_HDL/EPT_5M57_AP_U2_LED_Blinky/src/EPT_5M57_AP_U2_Top.v Line: 193
Warning (10034): Output port "LB_IOL" at EPT_5M57_AP_U2_Top.v(44) has no driver File: C:/Users/eidos/Desktop/UNOMAX_CPLD_SYSTEM_PROJECT_2.7_DVD/Projects_HDL/EPT_5M57_AP_U2_LED_Blinky/src/EPT_5M57_AP_U2_Top.v Line: 44
Info (10041): Inferred latch for "timer_value[0]" at EPT_5M57_AP_U2_Top.v(193) File: C:/Users/eidos/Desktop/UNOMAX_CPLD_SYSTEM_PROJECT_2.7_DVD/Projects_HDL/EPT_5M57_AP_U2_LED_Blinky/src/EPT_5M57_AP_U2_Top.v Line: 193
Info (10041): Inferred latch for "timer_value[1]" at EPT_5M57_AP_U2_Top.v(193) File: C:/Users/eidos/Desktop/UNOMAX_CPLD_SYSTEM_PROJECT_2.7_DVD/Projects_HDL/EPT_5M57_AP_U2_LED_Blinky/src/EPT_5M57_AP_U2_Top.v Line: 193
Info (10041): Inferred latch for "timer_value[2]" at EPT_5M57_AP_U2_Top.v(193) File: C:/Users/eidos/Desktop/UNOMAX_CPLD_SYSTEM_PROJECT_2.7_DVD/Projects_HDL/EPT_5M57_AP_U2_LED_Blinky/src/EPT_5M57_AP_U2_Top.v Line: 193
Info (10041): Inferred latch for "timer_value[3]" at EPT_5M57_AP_U2_Top.v(193) File: C:/Users/eidos/Desktop/UNOMAX_CPLD_SYSTEM_PROJECT_2.7_DVD/Projects_HDL/EPT_5M57_AP_U2_LED_Blinky/src/EPT_5M57_AP_U2_Top.v Line: 193
Info (10041): Inferred latch for "timer_value[4]" at EPT_5M57_AP_U2_Top.v(193) File: C:/Users/eidos/Desktop/UNOMAX_CPLD_SYSTEM_PROJECT_2.7_DVD/Projects_HDL/EPT_5M57_AP_U2_LED_Blinky/src/EPT_5M57_AP_U2_Top.v Line: 193
Info (10041): Inferred latch for "timer_value[5]" at EPT_5M57_AP_U2_Top.v(193) File: C:/Users/eidos/Desktop/UNOMAX_CPLD_SYSTEM_PROJECT_2.7_DVD/Projects_HDL/EPT_5M57_AP_U2_LED_Blinky/src/EPT_5M57_AP_U2_Top.v Line: 193
Info (10041): Inferred latch for "timer_value[6]" at EPT_5M57_AP_U2_Top.v(193) File: C:/Users/eidos/Desktop/UNOMAX_CPLD_SYSTEM_PROJECT_2.7_DVD/Projects_HDL/EPT_5M57_AP_U2_LED_Blinky/src/EPT_5M57_AP_U2_Top.v Line: 193
Info (10041): Inferred latch for "timer_value[7]" at EPT_5M57_AP_U2_Top.v(193) File: C:/Users/eidos/Desktop/UNOMAX_CPLD_SYSTEM_PROJECT_2.7_DVD/Projects_HDL/EPT_5M57_AP_U2_LED_Blinky/src/EPT_5M57_AP_U2_Top.v Line: 193
Info (12128): Elaborating entity "lfsr" for hierarchy "lfsr:LFSR_INST" File: C:/Users/eidos/Desktop/UNOMAX_CPLD_SYSTEM_PROJECT_2.7_DVD/Projects_HDL/EPT_5M57_AP_U2_LED_Blinky/src/EPT_5M57_AP_U2_Top.v Line: 504
Info (12128): Elaborating entity "flipflop" for hierarchy "lfsr:LFSR_INST|flipflop:F[0]" File: C:/Users/eidos/Desktop/UNOMAX_CPLD_SYSTEM_PROJECT_2.7_DVD/Projects_HDL/EPT_5M57_AP_U2_LED_Blinky/src/lfsr.v Line: 27
Info (12128): Elaborating entity "mux" for hierarchy "lfsr:LFSR_INST|mux:M1[0]" File: C:/Users/eidos/Desktop/UNOMAX_CPLD_SYSTEM_PROJECT_2.7_DVD/Projects_HDL/EPT_5M57_AP_U2_LED_Blinky/src/lfsr.v Line: 31
Info (12128): Elaborating entity "active_control_register" for hierarchy "active_control_register:ACTIVE_CONTROL_REG_INST" File: C:/Users/eidos/Desktop/UNOMAX_CPLD_SYSTEM_PROJECT_2.7_DVD/Projects_HDL/EPT_5M57_AP_U2_LED_Blinky/src/EPT_5M57_AP_U2_Top.v Line: 517
Info (12128): Elaborating entity "active_transfer_library" for hierarchy "active_transfer_library:ACTIVE_TRANSFER_LIBRARY_INST" File: C:/Users/eidos/Desktop/UNOMAX_CPLD_SYSTEM_PROJECT_2.7_DVD/Projects_HDL/EPT_5M57_AP_U2_LED_Blinky/src/EPT_5M57_AP_U2_Top.v Line: 534
Info (12128): Elaborating entity "eptWireOR" for hierarchy "eptWireOR:wireOR" File: C:/Users/eidos/Desktop/UNOMAX_CPLD_SYSTEM_PROJECT_2.7_DVD/Projects_HDL/EPT_5M57_AP_U2_LED_Blinky/src/EPT_5M57_AP_U2_Top.v Line: 540
Info (12128): Elaborating entity "active_trigger" for hierarchy "active_trigger:ACTIVE_TRIGGER_INST" File: C:/Users/eidos/Desktop/UNOMAX_CPLD_SYSTEM_PROJECT_2.7_DVD/Projects_HDL/EPT_5M57_AP_U2_LED_Blinky/src/EPT_5M57_AP_U2_Top.v Line: 551
Info (12128): Elaborating entity "active_transfer" for hierarchy "active_transfer:ACTIVE_TRANSFER_INST_1" File: C:/Users/eidos/Desktop/UNOMAX_CPLD_SYSTEM_PROJECT_2.7_DVD/Projects_HDL/EPT_5M57_AP_U2_LED_Blinky/src/EPT_5M57_AP_U2_Top.v Line: 569
Warning (13039): The following bidirectional pins have no drivers
    Warning (13040): bidirectional pin "LB_SER[0]" has no driver File: C:/Users/eidos/Desktop/UNOMAX_CPLD_SYSTEM_PROJECT_2.7_DVD/Projects_HDL/EPT_5M57_AP_U2_LED_Blinky/src/EPT_5M57_AP_U2_Top.v Line: 41
    Warning (13040): bidirectional pin "LB_SER[1]" has no driver File: C:/Users/eidos/Desktop/UNOMAX_CPLD_SYSTEM_PROJECT_2.7_DVD/Projects_HDL/EPT_5M57_AP_U2_LED_Blinky/src/EPT_5M57_AP_U2_Top.v Line: 41
Warning (13050): Open-drain buffer(s) that do not directly drive top-level pin(s) are removed
    Warning (13051): Converted the fanout from the open-drain buffer "LED[0]" to the node "transfer_out_byte" into a wire File: C:/Users/eidos/Desktop/UNOMAX_CPLD_SYSTEM_PROJECT_2.7_DVD/Projects_HDL/EPT_5M57_AP_U2_LED_Blinky/src/EPT_5M57_AP_U2_Top.v Line: 399
    Warning (13051): Converted the fanout from the open-drain buffer "LED[1]" to the node "transfer_out_byte" into a wire File: C:/Users/eidos/Desktop/UNOMAX_CPLD_SYSTEM_PROJECT_2.7_DVD/Projects_HDL/EPT_5M57_AP_U2_LED_Blinky/src/EPT_5M57_AP_U2_Top.v Line: 399
    Warning (13051): Converted the fanout from the open-drain buffer "LED[2]" to the node "transfer_out_byte" into a wire File: C:/Users/eidos/Desktop/UNOMAX_CPLD_SYSTEM_PROJECT_2.7_DVD/Projects_HDL/EPT_5M57_AP_U2_LED_Blinky/src/EPT_5M57_AP_U2_Top.v Line: 399
    Warning (13051): Converted the fanout from the open-drain buffer "LED[3]" to the node "transfer_out_byte" into a wire File: C:/Users/eidos/Desktop/UNOMAX_CPLD_SYSTEM_PROJECT_2.7_DVD/Projects_HDL/EPT_5M57_AP_U2_LED_Blinky/src/EPT_5M57_AP_U2_Top.v Line: 399
Warning (13024): Output pins are stuck at VCC or GND
    Warning (13410): Pin "bc_out[0]" is stuck at GND File: C:/Users/eidos/Desktop/UNOMAX_CPLD_SYSTEM_PROJECT_2.7_DVD/Projects_HDL/EPT_5M57_AP_U2_LED_Blinky/src/EPT_5M57_AP_U2_Top.v Line: 38
    Warning (13410): Pin "LB_IOL[0]" is stuck at GND File: C:/Users/eidos/Desktop/UNOMAX_CPLD_SYSTEM_PROJECT_2.7_DVD/Projects_HDL/EPT_5M57_AP_U2_LED_Blinky/src/EPT_5M57_AP_U2_Top.v Line: 44
    Warning (13410): Pin "LB_IOL[1]" is stuck at GND File: C:/Users/eidos/Desktop/UNOMAX_CPLD_SYSTEM_PROJECT_2.7_DVD/Projects_HDL/EPT_5M57_AP_U2_LED_Blinky/src/EPT_5M57_AP_U2_Top.v Line: 44
    Warning (13410): Pin "LB_IOL[2]" is stuck at GND File: C:/Users/eidos/Desktop/UNOMAX_CPLD_SYSTEM_PROJECT_2.7_DVD/Projects_HDL/EPT_5M57_AP_U2_LED_Blinky/src/EPT_5M57_AP_U2_Top.v Line: 44
    Warning (13410): Pin "LB_IOL[3]" is stuck at GND File: C:/Users/eidos/Desktop/UNOMAX_CPLD_SYSTEM_PROJECT_2.7_DVD/Projects_HDL/EPT_5M57_AP_U2_LED_Blinky/src/EPT_5M57_AP_U2_Top.v Line: 44
    Warning (13410): Pin "LB_IOL[4]" is stuck at GND File: C:/Users/eidos/Desktop/UNOMAX_CPLD_SYSTEM_PROJECT_2.7_DVD/Projects_HDL/EPT_5M57_AP_U2_LED_Blinky/src/EPT_5M57_AP_U2_Top.v Line: 44
    Warning (13410): Pin "LB_IOL[5]" is stuck at GND File: C:/Users/eidos/Desktop/UNOMAX_CPLD_SYSTEM_PROJECT_2.7_DVD/Projects_HDL/EPT_5M57_AP_U2_LED_Blinky/src/EPT_5M57_AP_U2_Top.v Line: 44
    Warning (13410): Pin "LB_IOL[6]" is stuck at GND File: C:/Users/eidos/Desktop/UNOMAX_CPLD_SYSTEM_PROJECT_2.7_DVD/Projects_HDL/EPT_5M57_AP_U2_LED_Blinky/src/EPT_5M57_AP_U2_Top.v Line: 44
    Warning (13410): Pin "LB_IOL[7]" is stuck at GND File: C:/Users/eidos/Desktop/UNOMAX_CPLD_SYSTEM_PROJECT_2.7_DVD/Projects_HDL/EPT_5M57_AP_U2_LED_Blinky/src/EPT_5M57_AP_U2_Top.v Line: 44
    Warning (13410): Pin "TR_DIR_1" is stuck at VCC File: C:/Users/eidos/Desktop/UNOMAX_CPLD_SYSTEM_PROJECT_2.7_DVD/Projects_HDL/EPT_5M57_AP_U2_LED_Blinky/src/EPT_5M57_AP_U2_Top.v Line: 48
    Warning (13410): Pin "TR_OE_1" is stuck at VCC File: C:/Users/eidos/Desktop/UNOMAX_CPLD_SYSTEM_PROJECT_2.7_DVD/Projects_HDL/EPT_5M57_AP_U2_LED_Blinky/src/EPT_5M57_AP_U2_Top.v Line: 49
    Warning (13410): Pin "TR_DIR_2" is stuck at VCC File: C:/Users/eidos/Desktop/UNOMAX_CPLD_SYSTEM_PROJECT_2.7_DVD/Projects_HDL/EPT_5M57_AP_U2_LED_Blinky/src/EPT_5M57_AP_U2_Top.v Line: 51
    Warning (13410): Pin "TR_OE_2" is stuck at VCC File: C:/Users/eidos/Desktop/UNOMAX_CPLD_SYSTEM_PROJECT_2.7_DVD/Projects_HDL/EPT_5M57_AP_U2_LED_Blinky/src/EPT_5M57_AP_U2_Top.v Line: 52
    Warning (13410): Pin "TR_DIR_3" is stuck at GND File: C:/Users/eidos/Desktop/UNOMAX_CPLD_SYSTEM_PROJECT_2.7_DVD/Projects_HDL/EPT_5M57_AP_U2_LED_Blinky/src/EPT_5M57_AP_U2_Top.v Line: 54
    Warning (13410): Pin "TR_OE_3" is stuck at VCC File: C:/Users/eidos/Desktop/UNOMAX_CPLD_SYSTEM_PROJECT_2.7_DVD/Projects_HDL/EPT_5M57_AP_U2_LED_Blinky/src/EPT_5M57_AP_U2_Top.v Line: 55
Info (18000): Registers with preset signals will power-up high File: C:/Users/eidos/Desktop/UNOMAX_CPLD_SYSTEM_PROJECT_2.7_DVD/Projects_HDL/EPT_5M57_AP_U2_LED_Blinky/src/EPT_5M57_AP_U2_Top.v Line: 434
Info (17016): Found the following redundant logic cells in design
    Info (17048): Logic cell "active_transfer:ACTIVE_TRANSFER_INST_1|uc_out~9" File: C:/Users/eidos/Desktop/UNOMAX_CPLD_SYSTEM_PROJECT_2.7_DVD/Projects_HDL/EPT_5M57_AP_U2_LED_Blinky/src/active_transfer.vqm Line: 402
Warning (21074): Design contains 16 input pin(s) that do not drive logic
    Warning (15610): No output dependent on input pin "LB_AD[0]" File: C:/Users/eidos/Desktop/UNOMAX_CPLD_SYSTEM_PROJECT_2.7_DVD/Projects_HDL/EPT_5M57_AP_U2_LED_Blinky/src/EPT_5M57_AP_U2_Top.v Line: 42
    Warning (15610): No output dependent on input pin "LB_AD[1]" File: C:/Users/eidos/Desktop/UNOMAX_CPLD_SYSTEM_PROJECT_2.7_DVD/Projects_HDL/EPT_5M57_AP_U2_LED_Blinky/src/EPT_5M57_AP_U2_Top.v Line: 42
    Warning (15610): No output dependent on input pin "LB_AD[2]" File: C:/Users/eidos/Desktop/UNOMAX_CPLD_SYSTEM_PROJECT_2.7_DVD/Projects_HDL/EPT_5M57_AP_U2_LED_Blinky/src/EPT_5M57_AP_U2_Top.v Line: 42
    Warning (15610): No output dependent on input pin "LB_AD[3]" File: C:/Users/eidos/Desktop/UNOMAX_CPLD_SYSTEM_PROJECT_2.7_DVD/Projects_HDL/EPT_5M57_AP_U2_LED_Blinky/src/EPT_5M57_AP_U2_Top.v Line: 42
    Warning (15610): No output dependent on input pin "LB_AD[4]" File: C:/Users/eidos/Desktop/UNOMAX_CPLD_SYSTEM_PROJECT_2.7_DVD/Projects_HDL/EPT_5M57_AP_U2_LED_Blinky/src/EPT_5M57_AP_U2_Top.v Line: 42
    Warning (15610): No output dependent on input pin "LB_AD[5]" File: C:/Users/eidos/Desktop/UNOMAX_CPLD_SYSTEM_PROJECT_2.7_DVD/Projects_HDL/EPT_5M57_AP_U2_LED_Blinky/src/EPT_5M57_AP_U2_Top.v Line: 42
    Warning (15610): No output dependent on input pin "LB_IOH[0]" File: C:/Users/eidos/Desktop/UNOMAX_CPLD_SYSTEM_PROJECT_2.7_DVD/Projects_HDL/EPT_5M57_AP_U2_LED_Blinky/src/EPT_5M57_AP_U2_Top.v Line: 43
    Warning (15610): No output dependent on input pin "LB_IOH[1]" File: C:/Users/eidos/Desktop/UNOMAX_CPLD_SYSTEM_PROJECT_2.7_DVD/Projects_HDL/EPT_5M57_AP_U2_LED_Blinky/src/EPT_5M57_AP_U2_Top.v Line: 43
    Warning (15610): No output dependent on input pin "LB_IOH[2]" File: C:/Users/eidos/Desktop/UNOMAX_CPLD_SYSTEM_PROJECT_2.7_DVD/Projects_HDL/EPT_5M57_AP_U2_LED_Blinky/src/EPT_5M57_AP_U2_Top.v Line: 43
    Warning (15610): No output dependent on input pin "LB_IOH[3]" File: C:/Users/eidos/Desktop/UNOMAX_CPLD_SYSTEM_PROJECT_2.7_DVD/Projects_HDL/EPT_5M57_AP_U2_LED_Blinky/src/EPT_5M57_AP_U2_Top.v Line: 43
    Warning (15610): No output dependent on input pin "LB_IOH[4]" File: C:/Users/eidos/Desktop/UNOMAX_CPLD_SYSTEM_PROJECT_2.7_DVD/Projects_HDL/EPT_5M57_AP_U2_LED_Blinky/src/EPT_5M57_AP_U2_Top.v Line: 43
    Warning (15610): No output dependent on input pin "LB_IOH[5]" File: C:/Users/eidos/Desktop/UNOMAX_CPLD_SYSTEM_PROJECT_2.7_DVD/Projects_HDL/EPT_5M57_AP_U2_LED_Blinky/src/EPT_5M57_AP_U2_Top.v Line: 43
    Warning (15610): No output dependent on input pin "LB_IOH[6]" File: C:/Users/eidos/Desktop/UNOMAX_CPLD_SYSTEM_PROJECT_2.7_DVD/Projects_HDL/EPT_5M57_AP_U2_LED_Blinky/src/EPT_5M57_AP_U2_Top.v Line: 43
    Warning (15610): No output dependent on input pin "LB_IOH[7]" File: C:/Users/eidos/Desktop/UNOMAX_CPLD_SYSTEM_PROJECT_2.7_DVD/Projects_HDL/EPT_5M57_AP_U2_LED_Blinky/src/EPT_5M57_AP_U2_Top.v Line: 43
    Warning (15610): No output dependent on input pin "SW_USER_1" File: C:/Users/eidos/Desktop/UNOMAX_CPLD_SYSTEM_PROJECT_2.7_DVD/Projects_HDL/EPT_5M57_AP_U2_LED_Blinky/src/EPT_5M57_AP_U2_Top.v Line: 58
    Warning (15610): No output dependent on input pin "SW_USER_2" File: C:/Users/eidos/Desktop/UNOMAX_CPLD_SYSTEM_PROJECT_2.7_DVD/Projects_HDL/EPT_5M57_AP_U2_LED_Blinky/src/EPT_5M57_AP_U2_Top.v Line: 59
Info (21057): Implemented 453 device resources after synthesis - the final resource count might be different
    Info (21058): Implemented 20 input pins
    Info (21059): Implemented 21 output pins
    Info (21060): Implemented 10 bidirectional pins
    Info (21061): Implemented 402 logic cells
Info (144001): Generated suppressed messages file C:/Users/eidos/Desktop/UNOMAX_CPLD_SYSTEM_PROJECT_2.7_DVD/Projects_HDL/EPT_5M57_AP_U2_LED_Blinky/EPT_5M57_AP_U2_Top/output_files/EPT_5M57_AP_U2_Top.map.smsg
Info: Quartus Prime Analysis & Synthesis was successful. 0 errors, 46 warnings
    Info: Peak virtual memory: 4698 megabytes
    Info: Processing ended: Mon Jan 04 17:40:23 2021
    Info: Elapsed time: 00:00:11
    Info: Total CPU time (on all processors): 00:00:25


+------------------------------------------+
; Analysis & Synthesis Suppressed Messages ;
+------------------------------------------+
The suppressed messages can be found in C:/Users/eidos/Desktop/UNOMAX_CPLD_SYSTEM_PROJECT_2.7_DVD/Projects_HDL/EPT_5M57_AP_U2_LED_Blinky/EPT_5M57_AP_U2_Top/output_files/EPT_5M57_AP_U2_Top.map.smsg.


